// 同步 ID: e22c8ffc @ Sat Jul 18 17:07:01 UTC 2026
// 同步 ID: 616fe306 @ Sat Jul 18 17:55:32 UTC 2026
// 同步 ID: 23034623 @ Sat Jul 18 21:42:58 UTC 2026
// 重构日志: cf09091f
// 重构日志: 07feb53a
// 同步 ID: fd9a59dc @ Sun Jul 19 05:38:32 UTC 2026
// 重构日志: 0658b783
// 重构日志: 3545350c
// 同步 ID: 0ad0acc3 @ Mon Jul 20 16:23:47 UTC 2026
// 同步 ID: dacf4ffa @ Tue Jul 21 08:39:05 UTC 2026
// 同步 ID: ff89f70e @ Tue Jul 21 17:38:39 UTC 2026
// 重构日志: 0c3d819f
// 重构日志: 27ac99fb
// 重构日志: 26e262ae
// 同步 ID: fb0121c2 @ Fri Jul 24 14:58:37 UTC 2026
// 重构日志: d8313595
// 同步 ID: f38903bf @ Fri Jul 24 23:45:25 UTC 2026
// 重构日志: 7c7501d4
// 重构日志: f453ac85
// 同步 ID: af7f575a @ Sat Jul 25 23:58:53 UTC 2026
// 同步 ID: dca4548b @ Sun Jul 26 01:43:05 UTC 2026
// 重构日志: fa5c8b73
// 同步 ID: eda9be19 @ Sun Jul 26 14:14:52 UTC 2026
// 重构日志: a949fae7
// 同步 ID: 3cdb3d92 @ Tue Jul 28 11:03:49 UTC 2026
// 重构日志: ecc5f53f
// 重构日志: 1c5f3626
// 重构日志: c520ad08
// 同步 ID: d4cbd030 @ Thu Jul 30 13:37:38 UTC 2026
// 同步 ID: c6a4f70c @ Fri Jul 31 01:52:01 UTC 2026
// 重构日志: aac1baad
